
===========================================================================
report_checks -unconstrained
===========================================================================
======================= Typical Corner ===================================

Startpoint: _15921_ (rising edge-triggered flip-flop clocked by clk)
Endpoint: _16079_ (rising edge-triggered flip-flop clocked by clk)
Path Group: clk
Path Type: max

Fanout     Cap    Slew   Delay    Time   Description
-----------------------------------------------------------------------------
                          0.00    0.00   clock clk (rise edge)
                          0.00    0.00   clock source latency
                  0.36    0.27    0.27 ^ clk (in)
     2    0.08                           clk (net)
                  0.36    0.00    0.27 ^ clkbuf_0_clk/A (sky130_fd_sc_hd__clkbuf_16)
                  0.32    0.44    0.71 ^ clkbuf_0_clk/X (sky130_fd_sc_hd__clkbuf_16)
    20    0.31                           clknet_0_clk (net)
                  0.32    0.01    0.72 ^ clkbuf_4_1_0_clk/A (sky130_fd_sc_hd__clkbuf_8)
                  0.28    0.40    1.12 ^ clkbuf_4_1_0_clk/X (sky130_fd_sc_hd__clkbuf_8)
    11    0.16                           clknet_4_1_0_clk (net)
                  0.28    0.00    1.12 ^ clkbuf_leaf_4_clk/A (sky130_fd_sc_hd__clkbuf_16)
                  0.04    0.21    1.33 ^ clkbuf_leaf_4_clk/X (sky130_fd_sc_hd__clkbuf_16)
     4    0.02                           clknet_leaf_4_clk (net)
                  0.04    0.00    1.33 ^ _15921_/CLK (sky130_fd_sc_hd__dfxtp_2)
                  0.34    0.55    1.88 ^ _15921_/Q (sky130_fd_sc_hd__dfxtp_2)
     7    0.07                           reg_pc[1] (net)
                  0.34    0.00    1.89 ^ _07814_/A1 (sky130_fd_sc_hd__a22o_1)
                  0.05    0.21    2.09 ^ _07814_/X (sky130_fd_sc_hd__a22o_1)
     1    0.00                           _02260_ (net)
                  0.05    0.00    2.09 ^ _07815_/B1 (sky130_fd_sc_hd__o21ai_1)
                  0.10    0.10    2.19 v _07815_/Y (sky130_fd_sc_hd__o21ai_1)
     3    0.01                           _02261_ (net)
                  0.10    0.00    2.19 v _07834_/A1 (sky130_fd_sc_hd__a21o_1)
                  0.06    0.22    2.41 v _07834_/X (sky130_fd_sc_hd__a21o_1)
     3    0.01                           _02279_ (net)
                  0.06    0.00    2.41 v _07851_/A1 (sky130_fd_sc_hd__a21bo_1)
                  0.07    0.22    2.63 v _07851_/X (sky130_fd_sc_hd__a21bo_1)
     3    0.01                           _02295_ (net)
                  0.07    0.00    2.63 v _07868_/A1 (sky130_fd_sc_hd__a21oi_1)
                  0.28    0.27    2.90 ^ _07868_/Y (sky130_fd_sc_hd__a21oi_1)
     3    0.01                           _02311_ (net)
                  0.28    0.00    2.90 ^ _07898_/D_N (sky130_fd_sc_hd__or4b_1)
                  0.11    0.53    3.43 v _07898_/X (sky130_fd_sc_hd__or4b_1)
     2    0.01                           _02339_ (net)
                  0.11    0.00    3.43 v _07929_/A3 (sky130_fd_sc_hd__a311o_1)
                  0.08    0.43    3.86 v _07929_/X (sky130_fd_sc_hd__a311o_1)
     2    0.01                           _02368_ (net)
                  0.08    0.00    3.86 v _07958_/A3 (sky130_fd_sc_hd__a311o_1)
                  0.09    0.42    4.28 v _07958_/X (sky130_fd_sc_hd__a311o_1)
     2    0.01                           _02395_ (net)
                  0.09    0.00    4.28 v _07986_/A2 (sky130_fd_sc_hd__a211o_1)
                  0.07    0.35    4.63 v _07986_/X (sky130_fd_sc_hd__a211o_1)
     2    0.01                           _02421_ (net)
                  0.07    0.00    4.63 v _08022_/A3 (sky130_fd_sc_hd__a311o_1)
                  0.08    0.41    5.04 v _08022_/X (sky130_fd_sc_hd__a311o_1)
     2    0.01                           _02455_ (net)
                  0.08    0.00    5.04 v _08023_/B (sky130_fd_sc_hd__nand2_1)
                  0.10    0.12    5.16 ^ _08023_/Y (sky130_fd_sc_hd__nand2_1)
     3    0.01                           _02456_ (net)
                  0.10    0.00    5.16 ^ _08087_/D_N (sky130_fd_sc_hd__or4b_1)
                  0.11    0.50    5.66 v _08087_/X (sky130_fd_sc_hd__or4b_1)
     2    0.01                           _02516_ (net)
                  0.11    0.00    5.66 v _08089_/A2 (sky130_fd_sc_hd__a21o_1)
                  0.08    0.26    5.93 v _08089_/X (sky130_fd_sc_hd__a21o_1)
     5    0.02                           _02518_ (net)
                  0.08    0.00    5.93 v _08146_/A1 (sky130_fd_sc_hd__o21ba_1)
                  0.07    0.25    6.17 v _08146_/X (sky130_fd_sc_hd__o21ba_1)
     2    0.01                           _02571_ (net)
                  0.07    0.00    6.17 v _08159_/A (sky130_fd_sc_hd__or2_1)
                  0.09    0.30    6.47 v _08159_/X (sky130_fd_sc_hd__or2_1)
     4    0.01                           _02583_ (net)
                  0.09    0.00    6.47 v _08204_/A1 (sky130_fd_sc_hd__o31a_1)
                  0.07    0.36    6.83 v _08204_/X (sky130_fd_sc_hd__o31a_1)
     2    0.01                           _02625_ (net)
                  0.07    0.00    6.83 v _08219_/A1 (sky130_fd_sc_hd__o21ai_1)
                  0.23    0.25    7.08 ^ _08219_/Y (sky130_fd_sc_hd__o21ai_1)
     3    0.01                           _02639_ (net)
                  0.23    0.00    7.08 ^ _08233_/A2 (sky130_fd_sc_hd__a21bo_1)
                  0.10    0.20    7.28 ^ _08233_/X (sky130_fd_sc_hd__a21bo_1)
     2    0.01                           _02652_ (net)
                  0.10    0.00    7.28 ^ _08240_/A2 (sky130_fd_sc_hd__a21bo_1)
                  0.07    0.15    7.43 ^ _08240_/X (sky130_fd_sc_hd__a21bo_1)
     1    0.01                           _02658_ (net)
                  0.07    0.00    7.43 ^ _08242_/A (sky130_fd_sc_hd__xnor2_1)
                  0.05    0.07    7.50 v _08242_/Y (sky130_fd_sc_hd__xnor2_1)
     1    0.00                           _02660_ (net)
                  0.05    0.00    7.51 v _08250_/A2 (sky130_fd_sc_hd__a21o_1)
                  0.03    0.18    7.68 v _08250_/X (sky130_fd_sc_hd__a21o_1)
     1    0.00                           _07605_ (net)
                  0.03    0.00    7.68 v _16079_/D (sky130_fd_sc_hd__dfxtp_1)
                                  7.68   data arrival time

                         10.00   10.00   clock clk (rise edge)
                          0.00   10.00   clock source latency
                  0.36    0.24   10.24 ^ clk (in)
     2    0.08                           clk (net)
                  0.36    0.00   10.24 ^ clkbuf_0_clk/A (sky130_fd_sc_hd__clkbuf_16)
                  0.32    0.40   10.64 ^ clkbuf_0_clk/X (sky130_fd_sc_hd__clkbuf_16)
    20    0.31                           clknet_0_clk (net)
                  0.32    0.01   10.65 ^ clkbuf_4_4_0_clk/A (sky130_fd_sc_hd__clkbuf_8)
                  0.25    0.35   11.00 ^ clkbuf_4_4_0_clk/X (sky130_fd_sc_hd__clkbuf_8)
    10    0.15                           clknet_4_4_0_clk (net)
                  0.25    0.00   11.00 ^ clkbuf_leaf_23_clk/A (sky130_fd_sc_hd__clkbuf_16)
                  0.06    0.19   11.19 ^ clkbuf_leaf_23_clk/X (sky130_fd_sc_hd__clkbuf_16)
     8    0.03                           clknet_leaf_23_clk (net)
                  0.06    0.00   11.19 ^ _16079_/CLK (sky130_fd_sc_hd__dfxtp_1)
                         -0.25   10.94   clock uncertainty
                          0.07   11.01   clock reconvergence pessimism
                         -0.10   10.91   library setup time
                                 10.91   data required time
-----------------------------------------------------------------------------
                                 10.91   data required time
                                 -7.68   data arrival time
-----------------------------------------------------------------------------
                                  3.22   slack (MET)




===========================================================================
report_checks --slack_max -0.01
============================================================================
======================= Typical Corner ===================================

No paths found.


===========================================================================
 report_check_types -max_slew -max_cap -max_fanout -violators
============================================================================
======================= Typical Corner ===================================

max fanout

Pin                                   Limit Fanout  Slack
---------------------------------------------------------
_08855_/X                                10     22    -12 (VIOLATED)
clkbuf_0_clk/X                           10     20    -10 (VIOLATED)
_09024_/X                                10     16     -6 (VIOLATED)
clkbuf_leaf_3_clk/X                      10     16     -6 (VIOLATED)
clkbuf_4_13_0_clk/X                      10     15     -5 (VIOLATED)
clkbuf_leaf_138_clk/X                    10     15     -5 (VIOLATED)
clkbuf_leaf_143_clk/X                    10     15     -5 (VIOLATED)
clkbuf_leaf_174_clk/X                    10     15     -5 (VIOLATED)
clkbuf_leaf_178_clk/X                    10     15     -5 (VIOLATED)
clkbuf_leaf_46_clk/X                     10     15     -5 (VIOLATED)
clkbuf_leaf_90_clk/X                     10     15     -5 (VIOLATED)
_09573_/X                                10     14     -4 (VIOLATED)
clkbuf_4_8_0_clk/X                       10     14     -4 (VIOLATED)
clkbuf_leaf_148_clk/X                    10     14     -4 (VIOLATED)
clkbuf_leaf_171_clk/X                    10     14     -4 (VIOLATED)
clkbuf_leaf_177_clk/X                    10     14     -4 (VIOLATED)
clkbuf_leaf_50_clk/X                     10     14     -4 (VIOLATED)
_08255_/X                                10     13     -3 (VIOLATED)
_08875_/X                                10     13     -3 (VIOLATED)
_09401_/X                                10     13     -3 (VIOLATED)
_12664_/X                                10     13     -3 (VIOLATED)
_16334_/Q                                10     13     -3 (VIOLATED)
clkbuf_4_12_0_clk/X                      10     13     -3 (VIOLATED)
clkbuf_4_14_0_clk/X                      10     13     -3 (VIOLATED)
clkbuf_leaf_111_clk/X                    10     13     -3 (VIOLATED)
clkbuf_leaf_185_clk/X                    10     13     -3 (VIOLATED)
clkbuf_leaf_32_clk/X                     10     13     -3 (VIOLATED)
clkbuf_leaf_45_clk/X                     10     13     -3 (VIOLATED)
clkbuf_leaf_66_clk/X                     10     13     -3 (VIOLATED)
clkbuf_leaf_70_clk/X                     10     13     -3 (VIOLATED)
clkbuf_leaf_81_clk/X                     10     13     -3 (VIOLATED)
fanout245/X                              10     13     -3 (VIOLATED)
_07769_/X                                10     12     -2 (VIOLATED)
_09008_/X                                10     12     -2 (VIOLATED)
_09461_/X                                10     12     -2 (VIOLATED)
_09469_/X                                10     12     -2 (VIOLATED)
_09547_/X                                10     12     -2 (VIOLATED)
_09568_/X                                10     12     -2 (VIOLATED)
_09606_/X                                10     12     -2 (VIOLATED)
_09677_/X                                10     12     -2 (VIOLATED)
_12780_/X                                10     12     -2 (VIOLATED)
_12781_/X                                10     12     -2 (VIOLATED)
_13114_/X                                10     12     -2 (VIOLATED)
_16143_/Q                                10     12     -2 (VIOLATED)
clkbuf_4_0_0_clk/X                       10     12     -2 (VIOLATED)
clkbuf_4_11_0_clk/X                      10     12     -2 (VIOLATED)
clkbuf_4_5_0_clk/X                       10     12     -2 (VIOLATED)
clkbuf_4_7_0_clk/X                       10     12     -2 (VIOLATED)
clkbuf_4_9_0_clk/X                       10     12     -2 (VIOLATED)
clkbuf_leaf_145_clk/X                    10     12     -2 (VIOLATED)
clkbuf_leaf_176_clk/X                    10     12     -2 (VIOLATED)
clkbuf_leaf_183_clk/X                    10     12     -2 (VIOLATED)
clkbuf_leaf_33_clk/X                     10     12     -2 (VIOLATED)
clkbuf_leaf_52_clk/X                     10     12     -2 (VIOLATED)
clkbuf_leaf_83_clk/X                     10     12     -2 (VIOLATED)
clkbuf_leaf_88_clk/X                     10     12     -2 (VIOLATED)
_07652_/Y                                10     11        (VIOLATED)
_08276_/X                                10     11        (VIOLATED)
_08335_/X                                10     11        (VIOLATED)
_08901_/X                                10     11        (VIOLATED)
_08907_/X                                10     11        (VIOLATED)
_08913_/X                                10     11        (VIOLATED)
_08936_/X                                10     11        (VIOLATED)
_09012_/X                                10     11        (VIOLATED)
_09384_/X                                10     11        (VIOLATED)
_09395_/X                                10     11        (VIOLATED)
_09498_/X                                10     11        (VIOLATED)
_09532_/X                                10     11        (VIOLATED)
_09550_/X                                10     11        (VIOLATED)
_09554_/X                                10     11        (VIOLATED)
_09590_/X                                10     11        (VIOLATED)
_09602_/X                                10     11        (VIOLATED)
_09674_/X                                10     11        (VIOLATED)
_09680_/X                                10     11        (VIOLATED)
_09681_/X                                10     11        (VIOLATED)
_09765_/X                                10     11        (VIOLATED)
_12685_/X                                10     11        (VIOLATED)
_12842_/X                                10     11        (VIOLATED)
_12864_/X                                10     11        (VIOLATED)
_14560_/X                                10     11        (VIOLATED)
_16142_/Q                                10     11        (VIOLATED)
clkbuf_4_10_0_clk/X                      10     11        (VIOLATED)
clkbuf_4_1_0_clk/X                       10     11        (VIOLATED)
clkbuf_4_2_0_clk/X                       10     11        (VIOLATED)
clkbuf_4_3_0_clk/X                       10     11        (VIOLATED)
clkbuf_leaf_0_clk/X                      10     11        (VIOLATED)
clkbuf_leaf_101_clk/X                    10     11        (VIOLATED)
clkbuf_leaf_104_clk/X                    10     11        (VIOLATED)
clkbuf_leaf_107_clk/X                    10     11        (VIOLATED)
clkbuf_leaf_113_clk/X                    10     11        (VIOLATED)
clkbuf_leaf_116_clk/X                    10     11        (VIOLATED)
clkbuf_leaf_119_clk/X                    10     11        (VIOLATED)
clkbuf_leaf_129_clk/X                    10     11        (VIOLATED)
clkbuf_leaf_133_clk/X                    10     11        (VIOLATED)
clkbuf_leaf_141_clk/X                    10     11        (VIOLATED)
clkbuf_leaf_142_clk/X                    10     11        (VIOLATED)
clkbuf_leaf_150_clk/X                    10     11        (VIOLATED)
clkbuf_leaf_168_clk/X                    10     11        (VIOLATED)
clkbuf_leaf_179_clk/X                    10     11        (VIOLATED)
clkbuf_leaf_186_clk/X                    10     11        (VIOLATED)
clkbuf_leaf_1_clk/X                      10     11        (VIOLATED)
clkbuf_leaf_30_clk/X                     10     11        (VIOLATED)
clkbuf_leaf_35_clk/X                     10     11        (VIOLATED)
clkbuf_leaf_37_clk/X                     10     11        (VIOLATED)
clkbuf_leaf_38_clk/X                     10     11        (VIOLATED)
clkbuf_leaf_49_clk/X                     10     11        (VIOLATED)
clkbuf_leaf_54_clk/X                     10     11        (VIOLATED)
clkbuf_leaf_56_clk/X                     10     11        (VIOLATED)
clkbuf_leaf_58_clk/X                     10     11        (VIOLATED)
clkbuf_leaf_87_clk/X                     10     11        (VIOLATED)
clkbuf_leaf_91_clk/X                     10     11        (VIOLATED)
fanout243/X                              10     11        (VIOLATED)



===========================================================================
report_parasitic_annotation -report_unannotated
============================================================================
Found 173 unannotated drivers.
 irq[0]
 irq[10]
 irq[11]
 irq[12]
 irq[13]
 irq[14]
 irq[15]
 irq[16]
 irq[17]
 irq[18]
 irq[19]
 irq[1]
 irq[20]
 irq[21]
 irq[22]
 irq[23]
 irq[24]
 irq[25]
 irq[26]
 irq[27]
 irq[28]
 irq[29]
 irq[2]
 irq[30]
 irq[31]
 irq[3]
 irq[4]
 irq[5]
 irq[6]
 irq[7]
 irq[8]
 irq[9]
 pcpi_rd[0]
 pcpi_rd[10]
 pcpi_rd[11]
 pcpi_rd[12]
 pcpi_rd[13]
 pcpi_rd[14]
 pcpi_rd[15]
 pcpi_rd[16]
 pcpi_rd[17]
 pcpi_rd[18]
 pcpi_rd[19]
 pcpi_rd[1]
 pcpi_rd[20]
 pcpi_rd[21]
 pcpi_rd[22]
 pcpi_rd[23]
 pcpi_rd[24]
 pcpi_rd[25]
 pcpi_rd[26]
 pcpi_rd[27]
 pcpi_rd[28]
 pcpi_rd[29]
 pcpi_rd[2]
 pcpi_rd[30]
 pcpi_rd[31]
 pcpi_rd[3]
 pcpi_rd[4]
 pcpi_rd[5]
 pcpi_rd[6]
 pcpi_rd[7]
 pcpi_rd[8]
 pcpi_rd[9]
 pcpi_ready
 pcpi_wait
 pcpi_wr
 picorv32_248/HI
 picorv32_249/HI
 picorv32_250/HI
 picorv32_251/HI
 picorv32_252/HI
 picorv32_253/HI
 picorv32_254/HI
 picorv32_255/HI
 picorv32_256/HI
 picorv32_257/HI
 picorv32_258/HI
 picorv32_259/HI
 picorv32_260/HI
 picorv32_261/HI
 picorv32_262/HI
 picorv32_263/HI
 picorv32_264/HI
 picorv32_265/HI
 picorv32_266/HI
 picorv32_267/HI
 picorv32_268/HI
 picorv32_269/HI
 picorv32_270/HI
 picorv32_271/HI
 picorv32_272/HI
 picorv32_273/HI
 picorv32_274/HI
 picorv32_275/HI
 picorv32_276/HI
 picorv32_277/HI
 picorv32_278/HI
 picorv32_279/HI
 picorv32_280/HI
 picorv32_281/HI
 picorv32_282/HI
 picorv32_283/HI
 picorv32_284/HI
 picorv32_285/HI
 picorv32_286/HI
 picorv32_287/HI
 picorv32_288/HI
 picorv32_289/HI
 picorv32_290/HI
 picorv32_291/HI
 picorv32_292/HI
 picorv32_293/HI
 picorv32_294/HI
 picorv32_295/HI
 picorv32_296/HI
 picorv32_297/HI
 picorv32_298/HI
 picorv32_299/HI
 picorv32_300/HI
 picorv32_301/HI
 picorv32_302/HI
 picorv32_303/HI
 picorv32_304/HI
 picorv32_305/HI
 picorv32_306/HI
 picorv32_307/HI
 picorv32_308/HI
 picorv32_309/HI
 picorv32_310/HI
 picorv32_311/HI
 picorv32_312/HI
 picorv32_313/HI
 picorv32_314/HI
 picorv32_315/HI
 picorv32_316/HI
 picorv32_317/HI
 picorv32_318/HI
 picorv32_319/HI
 picorv32_320/HI
 picorv32_321/HI
 picorv32_322/HI
 picorv32_323/HI
 picorv32_324/HI
 picorv32_325/HI
 picorv32_326/HI
 picorv32_327/HI
 picorv32_328/HI
 picorv32_329/HI
 picorv32_330/HI
 picorv32_331/HI
 picorv32_332/HI
 picorv32_333/HI
 picorv32_334/HI
 picorv32_335/HI
 picorv32_336/HI
 picorv32_337/HI
 picorv32_338/HI
 picorv32_339/HI
 picorv32_340/HI
 picorv32_341/HI
 picorv32_342/HI
 picorv32_343/HI
 picorv32_344/HI
 picorv32_345/HI
 picorv32_346/HI
 picorv32_347/HI
 picorv32_348/HI
 picorv32_349/HI
 picorv32_350/HI
 picorv32_351/HI
 picorv32_352/HI
 picorv32_353/HI
Found 0 partially unannotated drivers.

===========================================================================
max slew violation count 0
max fanout violation count 112
max cap violation count 0
============================================================================

===========================================================================
check_setup -verbose -unconstrained_endpoints -multiple_clock -no_clock -no_input_delay -loops -generated_clocks
===========================================================================
Warning: There are 106 unconstrained endpoints.
  eoi[0]
  eoi[10]
  eoi[11]
  eoi[12]
  eoi[13]
  eoi[14]
  eoi[15]
  eoi[16]
  eoi[17]
  eoi[18]
  eoi[19]
  eoi[1]
  eoi[20]
  eoi[21]
  eoi[22]
  eoi[23]
  eoi[24]
  eoi[25]
  eoi[26]
  eoi[27]
  eoi[28]
  eoi[29]
  eoi[2]
  eoi[30]
  eoi[31]
  eoi[3]
  eoi[4]
  eoi[5]
  eoi[6]
  eoi[7]
  eoi[8]
  eoi[9]
  mem_addr[0]
  mem_addr[1]
  mem_la_addr[0]
  mem_la_addr[1]
  pcpi_insn[0]
  pcpi_insn[10]
  pcpi_insn[11]
  pcpi_insn[12]
  pcpi_insn[13]
  pcpi_insn[14]
  pcpi_insn[15]
  pcpi_insn[16]
  pcpi_insn[17]
  pcpi_insn[18]
  pcpi_insn[19]
  pcpi_insn[1]
  pcpi_insn[20]
  pcpi_insn[21]
  pcpi_insn[22]
  pcpi_insn[23]
  pcpi_insn[24]
  pcpi_insn[25]
  pcpi_insn[26]
  pcpi_insn[27]
  pcpi_insn[28]
  pcpi_insn[29]
  pcpi_insn[2]
  pcpi_insn[30]
  pcpi_insn[31]
  pcpi_insn[3]
  pcpi_insn[4]
  pcpi_insn[5]
  pcpi_insn[6]
  pcpi_insn[7]
  pcpi_insn[8]
  pcpi_insn[9]
  pcpi_valid
  trace_data[0]
  trace_data[10]
  trace_data[11]
  trace_data[12]
  trace_data[13]
  trace_data[14]
  trace_data[15]
  trace_data[16]
  trace_data[17]
  trace_data[18]
  trace_data[19]
  trace_data[1]
  trace_data[20]
  trace_data[21]
  trace_data[22]
  trace_data[23]
  trace_data[24]
  trace_data[25]
  trace_data[26]
  trace_data[27]
  trace_data[28]
  trace_data[29]
  trace_data[2]
  trace_data[30]
  trace_data[31]
  trace_data[32]
  trace_data[33]
  trace_data[34]
  trace_data[35]
  trace_data[3]
  trace_data[4]
  trace_data[5]
  trace_data[6]
  trace_data[7]
  trace_data[8]
  trace_data[9]
  trace_valid
