Partial/Required:  3.89, Required:    400.0, Partial:  1554.79, Net: _03645_, Pin: _09435_/A_N, Layer: met3
Partial/Required:  1.39, Required:    400.0, Partial:   555.92, Net: net208, Pin: _08279_/A, Layer: met1
Partial/Required:  1.38, Required:    400.0, Partial:   552.16, Net: net127, Pin: _14102_/A1, Layer: met2
Partial/Required:  1.38, Required:    400.0, Partial:   552.16, Net: net127, Pin: output127/A, Layer: met2
Partial/Required:  1.37, Required:    400.0, Partial:   548.69, Net: net229, Pin: output229/A, Layer: met1
Partial/Required:  1.30, Required:    400.0, Partial:    518.5, Net: net15, Pin: _09115_/A1, Layer: met2
Partial/Required:  1.19, Required:    400.0, Partial:   475.14, Net: _07448_, Pin: _14096_/S, Layer: met3
Partial/Required:  1.19, Required:    400.0, Partial:   475.14, Net: _07448_, Pin: _14086_/S, Layer: met3
Partial/Required:  1.19, Required:    400.0, Partial:   475.14, Net: _07448_, Pin: _14098_/S, Layer: met3
Partial/Required:  1.19, Required:    400.0, Partial:   475.14, Net: _07448_, Pin: _14104_/S, Layer: met3
Partial/Required:  1.19, Required:    400.0, Partial:   475.14, Net: _07448_, Pin: _14094_/S, Layer: met3
Partial/Required:  1.17, Required:    400.0, Partial:    468.9, Net: net157, Pin: output157/A, Layer: met1
Partial/Required:  1.16, Required:    400.0, Partial:   462.66, Net: net203, Pin: output203/A, Layer: met1
Partial/Required:  1.14, Required:    400.0, Partial:   456.13, Net: _04033_, Pin: _10655_/S1, Layer: met3
Partial/Required:  1.09, Required:    400.0, Partial:   435.59, Net: _06348_, Pin: _13678_/A1, Layer: met3
Partial/Required:  1.06, Required:    400.0, Partial:   425.18, Net: _03829_, Pin: _10027_/C1, Layer: met2
Partial/Required:  1.06, Required:    400.0, Partial:   424.13, Net: _03728_, Pin: _09460_/A, Layer: met3
Partial/Required:  1.03, Required:    400.0, Partial:   411.85, Net: _03817_, Pin: _09879_/A1, Layer: met2
Partial/Required:  1.01, Required:    400.0, Partial:   404.53, Net: _03732_, Pin: _10647_/B1, Layer: met3
Partial/Required:  1.01, Required:    400.0, Partial:   404.53, Net: _03732_, Pin: _10277_/B1, Layer: met3
Partial/Required:  1.01, Required:    400.0, Partial:   403.83, Net: net3, Pin: _07819_/A0, Layer: met2
Partial/Required:  1.01, Required:    400.0, Partial:   403.83, Net: net3, Pin: _13957_/A1, Layer: met2
Partial/Required:  1.00, Required:    400.0, Partial:   401.33, Net: _03856_, Pin: _10496_/A, Layer: met1
Partial/Required:  1.00, Required:    400.0, Partial:   400.54, Net: net225, Pin: output225/A, Layer: met1
Partial/Required:  1.00, Required:    400.0, Partial:   400.32, Net: decoded_imm\[30\], Pin: _10629_/A, Layer: met3
Partial/Required:  1.00, Required:    400.0, Partial:   400.32, Net: decoded_imm\[30\], Pin: _10630_/A, Layer: met3
